// Jest Snapshot v1, https://goo.gl/fbAQLP

exports[`Input renders correctly 1`] = `
<TextInput
  editable={true}
  onBlur={[Function]}
  onFocus={[Function]}
  selectTextOnFocus={true}
  style={
    {
      "backgroundColor": "#232E38",
      "borderColor": "#FFFFFF33",
      "borderRadius": 8,
      "borderWidth": 1,
      "color": "#D9D9D9",
      "paddingHorizontal": 16,
      "paddingVertical": 12,
      "width": "100%",
    }
  }
/>
`;
