// Jest Snapshot v1, https://goo.gl/fbAQLP

exports[`Button renders correctly 1`] = `
<View
  accessibilityState={
    {
      "busy": undefined,
      "checked": undefined,
      "disabled": false,
      "expanded": undefined,
      "selected": undefined,
    }
  }
  accessibilityValue={
    {
      "max": undefined,
      "min": undefined,
      "now": undefined,
      "text": undefined,
    }
  }
  accessible={true}
  collapsable={false}
  focusable={false}
  onClick={[Function]}
  onResponderGrant={[Function]}
  onResponderMove={[Function]}
  onResponderRelease={[Function]}
  onResponderTerminate={[Function]}
  onResponderTerminationRequest={[Function]}
  onStartShouldSetResponder={[Function]}
  style={
    {
      "alignItems": "center",
      "backgroundColor": "#EAC43D",
      "borderRadius": 12,
      "flexDirection": "row",
      "height": 48,
      "justifyContent": "space-between",
      "opacity": 1,
      "paddingHorizontal": 24,
      "paddingVertical": 12,
      "width": "100%",
    }
  }
>
  <View />
  <Text
    style={
      [
        [
          {
            "color": "#D9D9D9",
            "fontSize": 16,
            "lineHeight": 24,
          },
          {
            "fontWeight": 600,
          },
        ],
        {
          "color": "#FFF",
        },
      ]
    }
  >
    Snapshot test!
  </Text>
  <View />
</View>
`;
