// Jest Snapshot v1, https://goo.gl/fbAQLP

exports[`Text renders correctly 1`] = `
<Text
  style={
    [
      [
        {
          "color": "#D9D9D9",
          "fontSize": 12,
          "lineHeight": 16,
        },
        {
          "fontWeight": 400,
        },
      ],
      undefined,
    ]
  }
>
  Snapshot test!
</Text>
`;
