// Jest Snapshot v1, https://goo.gl/fbAQLP

exports[`ListItem renders correctly 1`] = `
<RNCSafeAreaView
  edges={
    {
      "bottom": "additive",
      "left": "additive",
      "right": "additive",
      "top": "additive",
    }
  }
>
  <View
    style={
      {
        "alignItems": "center",
        "flexDirection": "row",
        "justifyContent": "space-between",
      }
    }
  >
    <View
      style={
        {
          "flex": 1,
          "paddingHorizontal": 10,
        }
      }
    >
      <View>
        <Text
          style={
            [
              [
                {
                  "color": "#D9D9D9",
                  "fontSize": 14,
                  "lineHeight": 20,
                },
                {
                  "fontWeight": 500,
                },
              ],
              undefined,
            ]
          }
        >
          Label
        </Text>
        <Text
          style={
            [
              [
                {
                  "color": "#D9D9D9",
                  "fontSize": 12,
                  "lineHeight": 16,
                },
                {
                  "fontWeight": 400,
                },
              ],
              {
                "color": "#FFFFFFAA",
              },
            ]
          }
        >
          Description
        </Text>
      </View>
    </View>
  </View>
</RNCSafeAreaView>
`;
